Modules list:
-------------
main.o:
    CODE              Offs=000000  Size=00004C  Align=00001  Fill=0000
    RODATA            Offs=000000  Size=000053  Align=00001  Fill=0000
graphics.o:
    CODE              Offs=00004C  Size=00000C  Align=00001  Fill=0000
    RODATA            Offs=000053  Size=00000D  Align=00001  Fill=0000
characters.o:
    CODE              Offs=000058  Size=000A2A  Align=00001  Fill=0000
    RODATA            Offs=000060  Size=0003C9  Align=00001  Fill=0000
    BSS               Offs=000000  Size=000410  Align=00001  Fill=0000
    DATA              Offs=000000  Size=000050  Align=00001  Fill=0000
name.o:
    CODE              Offs=000A82  Size=000192  Align=00001  Fill=0000
    RODATA            Offs=000429  Size=000241  Align=00001  Fill=0000
    DATA              Offs=000050  Size=000002  Align=00001  Fill=0000
splash.o:
    CODE              Offs=000C14  Size=000168  Align=00001  Fill=0000
    RODATA            Offs=00066A  Size=000507  Align=00001  Fill=0000
    DATA              Offs=000052  Size=00002D  Align=00001  Fill=0000
/Volumes/Zort/git/cc65/lib/cx16.lib(_cursor.o):
    BSS               Offs=000410  Size=000001  Align=00001  Fill=0000
/Volumes/Zort/git/cc65/lib/cx16.lib(_directerrno.o):
    CODE              Offs=000D7C  Size=000009  Align=00001  Fill=0000
/Volumes/Zort/git/cc65/lib/cx16.lib(_fdesc.o):
    CODE              Offs=000D85  Size=00001D  Align=00001  Fill=0000
/Volumes/Zort/git/cc65/lib/cx16.lib(_file.o):
    DATA              Offs=00007F  Size=00001E  Align=00001  Fill=0000
/Volumes/Zort/git/cc65/lib/cx16.lib(_fopen.o):
    CODE              Offs=000DA2  Size=00007B  Align=00001  Fill=0000
    BSS               Offs=000411  Size=000002  Align=00001  Fill=0000
/Volumes/Zort/git/cc65/lib/cx16.lib(_hextab.o):
    RODATA            Offs=000B71  Size=000010  Align=00001  Fill=0000
/Volumes/Zort/git/cc65/lib/cx16.lib(_longminstr.o):
    RODATA            Offs=000B81  Size=00000C  Align=00001  Fill=0000
/Volumes/Zort/git/cc65/lib/cx16.lib(_mappederrno.o):
    CODE              Offs=000E1D  Size=00000F  Align=00001  Fill=0000
/Volumes/Zort/git/cc65/lib/cx16.lib(_oserror.o):
    BSS               Offs=000413  Size=000001  Align=00001  Fill=0000
/Volumes/Zort/git/cc65/lib/cx16.lib(_printf.o):
    CODE              Offs=000E2C  Size=0003A1  Align=00001  Fill=0000
    BSS               Offs=000414  Size=00002B  Align=00001  Fill=0000
    DATA              Offs=00009D  Size=000003  Align=00001  Fill=0000
/Volumes/Zort/git/cc65/lib/cx16.lib(_seterrno.o):
    CODE              Offs=0011CD  Size=000009  Align=00001  Fill=0000
/Volumes/Zort/git/cc65/lib/cx16.lib(_sys.o):
    CODE              Offs=0011D6  Size=000044  Align=00001  Fill=0000
/Volumes/Zort/git/cc65/lib/cx16.lib(add.o):
    CODE              Offs=00121A  Size=000018  Align=00001  Fill=0000
/Volumes/Zort/git/cc65/lib/cx16.lib(addeqsp.o):
    CODE              Offs=001232  Size=000011  Align=00001  Fill=0000
/Volumes/Zort/git/cc65/lib/cx16.lib(addysp.o):
    CODE              Offs=001243  Size=00000E  Align=00001  Fill=0000
/Volumes/Zort/git/cc65/lib/cx16.lib(aslax1.o):
    CODE              Offs=001251  Size=000008  Align=00001  Fill=0000
/Volumes/Zort/git/cc65/lib/cx16.lib(asleax3.o):
    CODE              Offs=001259  Size=00001A  Align=00001  Fill=0000
/Volumes/Zort/git/cc65/lib/cx16.lib(asleax4.o):
    CODE              Offs=001273  Size=000011  Align=00001  Fill=0000
/Volumes/Zort/git/cc65/lib/cx16.lib(axlong.o):
    CODE              Offs=001284  Size=00000D  Align=00001  Fill=0000
/Volumes/Zort/git/cc65/lib/cx16.lib(c_bsout.o):
/Volumes/Zort/git/cc65/lib/cx16.lib(callmain.o):
    CODE              Offs=001291  Size=000017  Align=00001  Fill=0000
    DATA              Offs=0000A0  Size=000004  Align=00001  Fill=0000
/Volumes/Zort/git/cc65/lib/cx16.lib(cgetc.o):
    CODE              Offs=0012A8  Size=000067  Align=00001  Fill=0000
/Volumes/Zort/git/cc65/lib/cx16.lib(close.o):
    CODE              Offs=00130F  Size=000038  Align=00001  Fill=0000
/Volumes/Zort/git/cc65/lib/cx16.lib(clrscr.o):
    CODE              Offs=001347  Size=000011  Align=00001  Fill=0000
/Volumes/Zort/git/cc65/lib/cx16.lib(color.o):
    CODE              Offs=001358  Size=00002A  Align=00001  Fill=0000
/Volumes/Zort/git/cc65/lib/cx16.lib(condes.o):
    CODE              Offs=001382  Size=00000C  Align=00001  Fill=0000
    DATA              Offs=0000A4  Size=000025  Align=00001  Fill=0000
    ONCE              Offs=000000  Size=00000C  Align=00001  Fill=0000
/Volumes/Zort/git/cc65/lib/cx16.lib(cprintf.o):
    CODE              Offs=00138E  Size=00002A  Align=00001  Fill=0000
    BSS               Offs=00043F  Size=000001  Align=00001  Fill=0000
/Volumes/Zort/git/cc65/lib/cx16.lib(cputc.o):
    CODE              Offs=0013B8  Size=000062  Align=00001  Fill=0000
    RODATA            Offs=000B8D  Size=000008  Align=00001  Fill=0000
/Volumes/Zort/git/cc65/lib/cx16.lib(cputs.o):
    CODE              Offs=00141A  Size=00001D  Align=00001  Fill=0000
/Volumes/Zort/git/cc65/lib/cx16.lib(crt0.o):
    STARTUP           Offs=000000  Size=000021  Align=00001  Fill=0000
    ONCE              Offs=00000C  Size=00001B  Align=00001  Fill=0000
    INIT              Offs=000000  Size=000002  Align=00001  Fill=0000
/Volumes/Zort/git/cc65/lib/cx16.lib(ctype.o):
    RODATA            Offs=000B95  Size=00008B  Align=00001  Fill=0000
/Volumes/Zort/git/cc65/lib/cx16.lib(ctypemask.o):
    CODE              Offs=001437  Size=00001E  Align=00001  Fill=0000
/Volumes/Zort/git/cc65/lib/cx16.lib(decaxy.o):
    CODE              Offs=001455  Size=000009  Align=00001  Fill=0000
/Volumes/Zort/git/cc65/lib/cx16.lib(decsp2.o):
    CODE              Offs=00145E  Size=00000D  Align=00001  Fill=0000
/Volumes/Zort/git/cc65/lib/cx16.lib(decsp3.o):
    CODE              Offs=00146B  Size=00000D  Align=00001  Fill=0000
/Volumes/Zort/git/cc65/lib/cx16.lib(decsp4.o):
    CODE              Offs=001478  Size=00000D  Align=00001  Fill=0000
/Volumes/Zort/git/cc65/lib/cx16.lib(decsp6.o):
    CODE              Offs=001485  Size=00000D  Align=00001  Fill=0000
/Volumes/Zort/git/cc65/lib/cx16.lib(diskcmd.o):
    CODE              Offs=001492  Size=0000C4  Align=00001  Fill=0000
    BSS               Offs=000440  Size=000017  Align=00001  Fill=0000
/Volumes/Zort/git/cc65/lib/cx16.lib(errno.o):
    BSS               Offs=000457  Size=000002  Align=00001  Fill=0000
/Volumes/Zort/git/cc65/lib/cx16.lib(exehdr.o):
    EXEHDR            Offs=000000  Size=00000C  Align=00001  Fill=0000
/Volumes/Zort/git/cc65/lib/cx16.lib(fclose.o):
    CODE              Offs=001556  Size=00001E  Align=00001  Fill=0000
/Volumes/Zort/git/cc65/lib/cx16.lib(filedes.o):
    CODE              Offs=001574  Size=00000E  Align=00001  Fill=0000
    DATA              Offs=0000C9  Size=000010  Align=00001  Fill=0000
/Volumes/Zort/git/cc65/lib/cx16.lib(filename.o):
    CODE              Offs=001582  Size=0000A0  Align=00001  Fill=0000
    BSS               Offs=000459  Size=000003  Align=00001  Fill=0000
    DATA              Offs=0000D9  Size=000024  Align=00001  Fill=0000
/Volumes/Zort/git/cc65/lib/cx16.lib(filetype.o):
    DATA              Offs=0000FD  Size=000001  Align=00001  Fill=0000
/Volumes/Zort/git/cc65/lib/cx16.lib(filevars.o):
    CODE              Offs=001622  Size=000007  Align=00001  Fill=0000
    INIT              Offs=000002  Size=000001  Align=00001  Fill=0000
    ONCE              Offs=000027  Size=00000E  Align=00001  Fill=0000
/Volumes/Zort/git/cc65/lib/cx16.lib(fopen.o):
    CODE              Offs=001629  Size=000018  Align=00001  Fill=0000
/Volumes/Zort/git/cc65/lib/cx16.lib(fprintf.o):
    CODE              Offs=001641  Size=00002B  Align=00001  Fill=0000
    BSS               Offs=00045C  Size=000001  Align=00001  Fill=0000
/Volumes/Zort/git/cc65/lib/cx16.lib(fwrite.o):
    CODE              Offs=00166C  Size=000077  Align=00001  Fill=0000
    BSS               Offs=00045D  Size=000002  Align=00001  Fill=0000
/Volumes/Zort/git/cc65/lib/cx16.lib(gotoxy.o):
    CODE              Offs=0016E3  Size=00000F  Align=00001  Fill=0000
/Volumes/Zort/git/cc65/lib/cx16.lib(gotoy.o):
    CODE              Offs=0016F2  Size=000006  Align=00001  Fill=0000
/Volumes/Zort/git/cc65/lib/cx16.lib(icmp.o):
    CODE              Offs=0016F8  Size=00002E  Align=00001  Fill=0000
/Volumes/Zort/git/cc65/lib/cx16.lib(incax2.o):
    CODE              Offs=001726  Size=000007  Align=00001  Fill=0000
/Volumes/Zort/git/cc65/lib/cx16.lib(incax3.o):
    CODE              Offs=00172D  Size=000005  Align=00001  Fill=0000
/Volumes/Zort/git/cc65/lib/cx16.lib(incax6.o):
    CODE              Offs=001732  Size=000005  Align=00001  Fill=0000
/Volumes/Zort/git/cc65/lib/cx16.lib(incax8.o):
    CODE              Offs=001737  Size=000005  Align=00001  Fill=0000
/Volumes/Zort/git/cc65/lib/cx16.lib(incaxy.o):
    CODE              Offs=00173C  Size=00000B  Align=00001  Fill=0000
/Volumes/Zort/git/cc65/lib/cx16.lib(incsp2.o):
    CODE              Offs=001747  Size=000015  Align=00001  Fill=0000
/Volumes/Zort/git/cc65/lib/cx16.lib(incsp3.o):
    CODE              Offs=00175C  Size=000005  Align=00001  Fill=0000
/Volumes/Zort/git/cc65/lib/cx16.lib(incsp4.o):
    CODE              Offs=001761  Size=000005  Align=00001  Fill=0000
/Volumes/Zort/git/cc65/lib/cx16.lib(incsp6.o):
    CODE              Offs=001766  Size=000005  Align=00001  Fill=0000
/Volumes/Zort/git/cc65/lib/cx16.lib(jmpvec.o):
    DATA              Offs=0000FE  Size=000003  Align=00001  Fill=0000
/Volumes/Zort/git/cc65/lib/cx16.lib(kbhit.o):
    CODE              Offs=00176B  Size=000005  Align=00001  Fill=0000
/Volumes/Zort/git/cc65/lib/cx16.lib(kernal.o):
/Volumes/Zort/git/cc65/lib/cx16.lib(ldaxi.o):
    CODE              Offs=001770  Size=00000D  Align=00001  Fill=0000
/Volumes/Zort/git/cc65/lib/cx16.lib(ldaxsp.o):
    CODE              Offs=00177D  Size=000009  Align=00001  Fill=0000
/Volumes/Zort/git/cc65/lib/cx16.lib(ldeaxi.o):
    CODE              Offs=001786  Size=000017  Align=00001  Fill=0000
/Volumes/Zort/git/cc65/lib/cx16.lib(ldeaxysp.o):
    CODE              Offs=00179D  Size=000013  Align=00001  Fill=0000
/Volumes/Zort/git/cc65/lib/cx16.lib(leaaxsp.o):
    CODE              Offs=0017B0  Size=00000C  Align=00001  Fill=0000
/Volumes/Zort/git/cc65/lib/cx16.lib(lneg.o):
    CODE              Offs=0017BC  Size=00001E  Align=00001  Fill=0000
/Volumes/Zort/git/cc65/lib/cx16.lib(loadaddr.o):
    LOADADDR          Offs=000000  Size=000002  Align=00001  Fill=0000
/Volumes/Zort/git/cc65/lib/cx16.lib(lor.o):
    CODE              Offs=0017DA  Size=000021  Align=00001  Fill=0000
/Volumes/Zort/git/cc65/lib/cx16.lib(lpush.o):
    CODE              Offs=0017FB  Size=00001E  Align=00001  Fill=0000
/Volumes/Zort/git/cc65/lib/cx16.lib(ltest.o):
    CODE              Offs=001819  Size=00000F  Align=00001  Fill=0000
/Volumes/Zort/git/cc65/lib/cx16.lib(ltoa.o):
    CODE              Offs=001828  Size=000093  Align=00001  Fill=0000
/Volumes/Zort/git/cc65/lib/cx16.lib(mod.o):
    CODE              Offs=0018BB  Size=000011  Align=00001  Fill=0000
/Volumes/Zort/git/cc65/lib/cx16.lib(mul.o):
    CODE              Offs=0018CC  Size=000045  Align=00001  Fill=0000
/Volumes/Zort/git/cc65/lib/cx16.lib(mul8.o):
    CODE              Offs=001911  Size=00003A  Align=00001  Fill=0000
/Volumes/Zort/git/cc65/lib/cx16.lib(mulax3.o):
    CODE              Offs=00194B  Size=000011  Align=00001  Fill=0000
/Volumes/Zort/git/cc65/lib/cx16.lib(negabs.o):
    CODE              Offs=00195C  Size=000012  Align=00001  Fill=0000
/Volumes/Zort/git/cc65/lib/cx16.lib(open.o):
    CODE              Offs=00196E  Size=0000BE  Align=00001  Fill=0000
/Volumes/Zort/git/cc65/lib/cx16.lib(oserror.o):
    CODE              Offs=001A2C  Size=000016  Align=00001  Fill=0000
    RODATA            Offs=000C20  Size=00005A  Align=00001  Fill=0000
/Volumes/Zort/git/cc65/lib/cx16.lib(popa.o):
    CODE              Offs=001A42  Size=00000A  Align=00001  Fill=0000
/Volumes/Zort/git/cc65/lib/cx16.lib(popptr1.o):
    CODE              Offs=001A4C  Size=00000E  Align=00001  Fill=0000
/Volumes/Zort/git/cc65/lib/cx16.lib(printf.o):
    CODE              Offs=001A5A  Size=000033  Align=00001  Fill=0000
    BSS               Offs=00045F  Size=000001  Align=00001  Fill=0000
/Volumes/Zort/git/cc65/lib/cx16.lib(push1.o):
    CODE              Offs=001A8D  Size=000005  Align=00001  Fill=0000
/Volumes/Zort/git/cc65/lib/cx16.lib(pusha.o):
    CODE              Offs=001A92  Size=000016  Align=00001  Fill=0000
/Volumes/Zort/git/cc65/lib/cx16.lib(pushax.o):
    CODE              Offs=001AA8  Size=00001A  Align=00001  Fill=0000
/Volumes/Zort/git/cc65/lib/cx16.lib(pushw.o):
    CODE              Offs=001AC2  Size=00000F  Align=00001  Fill=0000
/Volumes/Zort/git/cc65/lib/cx16.lib(pushwsp.o):
    CODE              Offs=001AD1  Size=00001C  Align=00001  Fill=0000
/Volumes/Zort/git/cc65/lib/cx16.lib(rand.o):
    CODE              Offs=001AED  Size=000034  Align=00001  Fill=0000
    DATA              Offs=000101  Size=000004  Align=00001  Fill=0000
/Volumes/Zort/git/cc65/lib/cx16.lib(randomize.o):
    CODE              Offs=001B21  Size=000006  Align=00001  Fill=0000
/Volumes/Zort/git/cc65/lib/cx16.lib(return0.o):
    CODE              Offs=001B27  Size=000004  Align=00001  Fill=0000
/Volumes/Zort/git/cc65/lib/cx16.lib(rwcommon.o):
    CODE              Offs=001B2B  Size=00001A  Align=00001  Fill=0000
/Volumes/Zort/git/cc65/lib/cx16.lib(scratch.o):
    CODE              Offs=001B45  Size=000019  Align=00001  Fill=0000
/Volumes/Zort/git/cc65/lib/cx16.lib(shelp.o):
    CODE              Offs=001B5E  Size=000020  Align=00001  Fill=0000
/Volumes/Zort/git/cc65/lib/cx16.lib(shrax1.o):
    CODE              Offs=001B7E  Size=000008  Align=00001  Fill=0000
/Volumes/Zort/git/cc65/lib/cx16.lib(staspidx.o):
    CODE              Offs=001B86  Size=000016  Align=00001  Fill=0000
/Volumes/Zort/git/cc65/lib/cx16.lib(staxsp.o):
    CODE              Offs=001B9C  Size=00000B  Align=00001  Fill=0000
/Volumes/Zort/git/cc65/lib/cx16.lib(steaxspi.o):
    CODE              Offs=001BA7  Size=000022  Align=00001  Fill=0000
/Volumes/Zort/git/cc65/lib/cx16.lib(strcpy.o):
    CODE              Offs=001BC9  Size=00001F  Align=00001  Fill=0000
/Volumes/Zort/git/cc65/lib/cx16.lib(strlen.o):
    CODE              Offs=001BE8  Size=000016  Align=00001  Fill=0000
/Volumes/Zort/git/cc65/lib/cx16.lib(strlower.o):
    CODE              Offs=001BFE  Size=000027  Align=00001  Fill=0000
/Volumes/Zort/git/cc65/lib/cx16.lib(strncpy.o):
    CODE              Offs=001C25  Size=000042  Align=00001  Fill=0000
/Volumes/Zort/git/cc65/lib/cx16.lib(sub.o):
    CODE              Offs=001C67  Size=000014  Align=00001  Fill=0000
/Volumes/Zort/git/cc65/lib/cx16.lib(subeqsp.o):
    CODE              Offs=001C7B  Size=000015  Align=00001  Fill=0000
/Volumes/Zort/git/cc65/lib/cx16.lib(subysp.o):
    CODE              Offs=001C90  Size=00000D  Align=00001  Fill=0000
/Volumes/Zort/git/cc65/lib/cx16.lib(udiv.o):
    CODE              Offs=001C9D  Size=00004F  Align=00001  Fill=0000
/Volumes/Zort/git/cc65/lib/cx16.lib(vcprintf.o):
    CODE              Offs=001CEC  Size=000074  Align=00001  Fill=0000
    DATA              Offs=000105  Size=000008  Align=00001  Fill=0000
/Volumes/Zort/git/cc65/lib/cx16.lib(vfprintf.o):
    CODE              Offs=001D60  Size=000060  Align=00001  Fill=0000
    DATA              Offs=00010D  Size=000008  Align=00001  Fill=0000
/Volumes/Zort/git/cc65/lib/cx16.lib(videomode.o):
    CODE              Offs=001DC0  Size=000014  Align=00001  Fill=0000
/Volumes/Zort/git/cc65/lib/cx16.lib(write.o):
    CODE              Offs=001DD4  Size=000052  Align=00001  Fill=0000
    ONCE              Offs=000035  Size=000011  Align=00001  Fill=0000
/Volumes/Zort/git/cc65/lib/cx16.lib(zerobss.o):
    CODE              Offs=001E26  Size=000023  Align=00001  Fill=0000
/Volumes/Zort/git/cc65/lib/cx16.lib(zeropage.o):
    ZEROPAGE          Offs=000000  Size=00001A  Align=00001  Fill=0000


Segment list:
-------------
Name                   Start     End    Size  Align
----------------------------------------------------
ZEROPAGE              000022  00003B  00001A  00001
LOADADDR              0007FF  000800  000002  00001
EXEHDR                000801  00080C  00000C  00001
STARTUP               00080D  00082D  000021  00001
CODE                  00082E  002676  001E49  00001
RODATA                002677  0032F4  000C7E  00001
DATA                  0032F5  003409  000115  00001
INIT                  00340A  00340C  000003  00001
BSS                   00340D  00386C  000460  00001
ONCE                  00340D  003456  00004A  00001


Exports list by name:
---------------------
BASIN                     00FFCF RLA    BSOUT                     00FFD2 RLA    
CHKIN                     00FFC6 RLA    CHROUT                    00FFD2 RLA    
CKOUT                     00FFC9 RLA    CLOSE                     00FFC3 RLA    
CLRCH                     00FFCC RLA    ENTROPY_GET               00FECF RLA    
GETIN                     00FFE4 RLA    KBDBUF_PEEK               00FEBD RLA    
OPEN                      00FFC0 RLA    PLOT                      00FFF0 RLA    
READST                    00FFB7 RLA    SCREEN_MODE               00FF5F RLA    
SETLFS                    00FFBA RLA    SETNAM                    00FFBD RLA    
__BSS_RUN__               00340D RLA    __BSS_SIZE__              000460 REA    
__CONSTRUCTOR_COUNT__     000002 REA    __CONSTRUCTOR_TABLE__     003453 RLA    
__DESTRUCTOR_COUNT__      000002 REA    __DESTRUCTOR_TABLE__      0032F1 RLA    
__EXEHDR__                000001 REA    __HEADER_LAST__           00080D RLA    
__HIMEM__                 009F00 REA    __LOADADDR__              000001 REA    
__MAIN_SIZE__             0096F3 REA    __MAIN_START__            00080D RLA    
__ONCE_RUN__              00340D RLA    __STACKSIZE__             000800 REA    
__STARTUP__               000001 REA    ___directerrno            0015AA RLA    
___errno                  003864 RLA    ___mappederrno            00164B RLA    
___oserror                003820 RLA    ___osmaperrno             00225A RLA    
___randomize              00234F RLA    ___seterrno               0019FB RLA    
__ctype                   00320C RLA    __ctypeidx                003217 RLA    
__fdesc                   0015B3 RLA    __filetab                 003374 RLA    
__filetype                0033F2 RLA    __fopen                   0015D0 RLA    
__hextab                  0031E8 RLA    __longminstr              0031F8 RLA    
__printf                  00174B RLA    __sys                     001A04 RLA    
_bgcolor                  001B99 RLA    _cbm_k_bsout              00FFD2 RLA    
_cgetc                    001AD6 RLA    _characters_loadRegistry  000BDF RLA    
_characters_showRegistry  0008AF RLA    _close                    001B3D RLA    
_clrscr                   001B75 RLA    _cprintf                  001BBC RLA    
_cputc                    001BEB RLA    _cputs                    001C51 RLA    
_cputsxy                  001C48 RLA    _fclose                   001D84 RLA    
_fopen                    001E57 RLA    _fprintf                  001E6F RLA    
_fwrite                   001E9A RLA    _gotoxy                   001F14 RLA    
_gotoy                    001F20 RLA    _kbhit                    001F99 RLA    
_login                    001442 RLA    _ltoa                     00206E RLA    
_main                     00084E RLA    _name_generate            0012B0 RLA    
_open                     0021B0 RLA    _printf                   002288 RLA    
_rand                     002327 RLA    _srand                    00231B RLA    
_stdout                   00338E RLA    _strcpy                   0023F7 RLA    
_strlen                   002416 RLA    _strlower                 00242C RLA    
_strncpy                  002453 RLA    _textcolor                001B86 RLA    
_ultoa                    0020AD RLA    _vcprintf                 00255E RLA    
_vfprintf                 0025C5 RLA    _videomode                0025EE RLA    
_write                    002602 RLA    addeq0sp                  001A60 RLA    
addeqysp                  001A62 RLA    addysp                    001A72 RLA    
addysp1                   001A71 RLA    aslax1                    001A7F RLA    
asleax3                   001A87 RLA    asleax4                   001AA1 RLA    
axlong                    001AB2 RLA    axulong                   001AB8 RLA    
callmain                  001ABF RLA    closeallfiles             00219C  LAI   
closecmdchannel           001CF6 RLA    ctypemaskdirect           001C69 RLA    
cursor                    00381D RLA    curunit                   00340C RLA    
decaxy                    001C83 RLA    decsp2                    001C8C RLA    
decsp3                    001C99 RLA    decsp4                    001CA6 RLA    
decsp6                    001CB3 RLA    donelib                   001BB0 RLA    
fdtab                     0033BE RLA    fnaddmode                 001E3F RLA    
fncmd                     0033CE RLA    fncomplete                001E37 RLA    
fnisfile                  003868 RLA    fnlen                     003867 RLA    
fnparse                   001DCB RLA    fnset                     001E2D RLA    
fnunit                    003866 RLA    freefd                    001DA2 RLA    
gotoxy                    001F11 RLA    incax2                    001F54 RLA    
incax3                    001F5B RLA    incax6                    001F60 RLA    
incax8                    001F65 RLA    incaxy                    001F6C RLA    
incsp2                    001F7C RLA    incsp3                    001F8A RLA    
incsp4                    001F8F RLA    incsp6                    001F94 RLA    
initcurunit               003434  LAI   initlib                   00340D RLA    
initstdout                003442  LAI   jmpvec                    0033F3 RLA    
ldax0sp                   001FAB RLA    ldaxi                     001F9E RLA    
ldaxysp                   001FAD RLA    ldeaxi                    001FB4 RLA    
ldeaxidx                  001FB6 RLA    ldeaxysp                  001FCD RLA    
leaa0sp                   001FDE RLA    mul8x16                   002141 RLA    
mul8x16a                  00214B RLA    mulax3                    002179 RLA    
negax                     00218E RLA    negeax                    001FEA RLA    
opencmdchannel            001CC9 RLA    plot                      001C17 RLA    
popa                      002270 RLA    popax                     001F75 RLA    
popptr1                   00227A RLA    popsargsudiv16            00238C RLA    
ptr1                      00002A RLZ    ptr2                      00002C RLZ    
ptr3                      00002E RLZ    ptr4                      000030 RLZ    
push0                     0022D6 RLA    push1                     0022BB RLA    
pusha                     0022C4 RLA    pusha0                    0022D8 RLA    
pushax                    0022DA RLA    pusheax                   002030 RLA    
pushw                     0022F0 RLA    pushwysp                  002301 RLA    
readdiskerror             001D11 RLA    regbank                   000036 RLZ    
return0                   002355 RLA    rwcommon                  002359 RLA    
scratch                   002373 RLA    shrax1                    0023AC RLA    
sp                        000022 RLZ    sreg                      000024 RLZ    
staspidx                  0023B4 RLA    stax0sp                   0023CA RLA    
staxysp                   0023CC RLA    steaxspidx                0023D5 RLA    
subeq0sp                  0024A9 RLA    subeqysp                  0024AB RLA    
subysp                    0024BE RLA    tmp1                      000032 RLZ    
tmp2                      000033 RLZ    tmp3                      000034 RLZ    
tosaddax                  001A4A RLA    tosicmp0                  001F26 RLA    
tosmoda0                  0020E9 RLA    tosmula0                  00213F RLA    
tosoreax                  00200C RLA    tossubax                  002497 RLA    
tosudivax                 0024CD RLA    tosumula0                 00213F RLA    
tosumulax                 0020FA RLA    tsteax                    002047 RLA    
udiv16                    0024DC RLA    unittab                   0033C6 RLA    
updatedevnum              001E50  LAI   writefndiskcmd            001D49 RLA    
zerobss                   002654 RLA    


Exports list by value:
----------------------
__STARTUP__               000001 REA    __LOADADDR__              000001 REA    
__EXEHDR__                000001 REA    __CONSTRUCTOR_COUNT__     000002 REA    
__DESTRUCTOR_COUNT__      000002 REA    sp                        000022 RLZ    
sreg                      000024 RLZ    ptr1                      00002A RLZ    
ptr2                      00002C RLZ    ptr3                      00002E RLZ    
ptr4                      000030 RLZ    tmp1                      000032 RLZ    
tmp2                      000033 RLZ    tmp3                      000034 RLZ    
regbank                   000036 RLZ    __BSS_SIZE__              000460 REA    
__STACKSIZE__             000800 REA    __HEADER_LAST__           00080D RLA    
__MAIN_START__            00080D RLA    _main                     00084E RLA    
_characters_showRegistry  0008AF RLA    _characters_loadRegistry  000BDF RLA    
_name_generate            0012B0 RLA    _login                    001442 RLA    
___directerrno            0015AA RLA    __fdesc                   0015B3 RLA    
__fopen                   0015D0 RLA    ___mappederrno            00164B RLA    
__printf                  00174B RLA    ___seterrno               0019FB RLA    
__sys                     001A04 RLA    tosaddax                  001A4A RLA    
addeq0sp                  001A60 RLA    addeqysp                  001A62 RLA    
addysp1                   001A71 RLA    addysp                    001A72 RLA    
aslax1                    001A7F RLA    asleax3                   001A87 RLA    
asleax4                   001AA1 RLA    axlong                    001AB2 RLA    
axulong                   001AB8 RLA    callmain                  001ABF RLA    
_cgetc                    001AD6 RLA    _close                    001B3D RLA    
_clrscr                   001B75 RLA    _textcolor                001B86 RLA    
_bgcolor                  001B99 RLA    donelib                   001BB0 RLA    
_cprintf                  001BBC RLA    _cputc                    001BEB RLA    
plot                      001C17 RLA    _cputsxy                  001C48 RLA    
_cputs                    001C51 RLA    ctypemaskdirect           001C69 RLA    
decaxy                    001C83 RLA    decsp2                    001C8C RLA    
decsp3                    001C99 RLA    decsp4                    001CA6 RLA    
decsp6                    001CB3 RLA    opencmdchannel            001CC9 RLA    
closecmdchannel           001CF6 RLA    readdiskerror             001D11 RLA    
writefndiskcmd            001D49 RLA    _fclose                   001D84 RLA    
freefd                    001DA2 RLA    fnparse                   001DCB RLA    
fnset                     001E2D RLA    fncomplete                001E37 RLA    
fnaddmode                 001E3F RLA    updatedevnum              001E50  LAI   
_fopen                    001E57 RLA    _fprintf                  001E6F RLA    
_fwrite                   001E9A RLA    gotoxy                    001F11 RLA    
_gotoxy                   001F14 RLA    _gotoy                    001F20 RLA    
tosicmp0                  001F26 RLA    incax2                    001F54 RLA    
incax3                    001F5B RLA    incax6                    001F60 RLA    
incax8                    001F65 RLA    incaxy                    001F6C RLA    
popax                     001F75 RLA    incsp2                    001F7C RLA    
incsp3                    001F8A RLA    incsp4                    001F8F RLA    
incsp6                    001F94 RLA    _kbhit                    001F99 RLA    
ldaxi                     001F9E RLA    ldax0sp                   001FAB RLA    
ldaxysp                   001FAD RLA    ldeaxi                    001FB4 RLA    
ldeaxidx                  001FB6 RLA    ldeaxysp                  001FCD RLA    
leaa0sp                   001FDE RLA    negeax                    001FEA RLA    
tosoreax                  00200C RLA    pusheax                   002030 RLA    
tsteax                    002047 RLA    _ltoa                     00206E RLA    
_ultoa                    0020AD RLA    tosmoda0                  0020E9 RLA    
tosumulax                 0020FA RLA    tosmula0                  00213F RLA    
tosumula0                 00213F RLA    mul8x16                   002141 RLA    
mul8x16a                  00214B RLA    mulax3                    002179 RLA    
negax                     00218E RLA    closeallfiles             00219C  LAI   
_open                     0021B0 RLA    ___osmaperrno             00225A RLA    
popa                      002270 RLA    popptr1                   00227A RLA    
_printf                   002288 RLA    push1                     0022BB RLA    
pusha                     0022C4 RLA    push0                     0022D6 RLA    
pusha0                    0022D8 RLA    pushax                    0022DA RLA    
pushw                     0022F0 RLA    pushwysp                  002301 RLA    
_srand                    00231B RLA    _rand                     002327 RLA    
___randomize              00234F RLA    return0                   002355 RLA    
rwcommon                  002359 RLA    scratch                   002373 RLA    
popsargsudiv16            00238C RLA    shrax1                    0023AC RLA    
staspidx                  0023B4 RLA    stax0sp                   0023CA RLA    
staxysp                   0023CC RLA    steaxspidx                0023D5 RLA    
_strcpy                   0023F7 RLA    _strlen                   002416 RLA    
_strlower                 00242C RLA    _strncpy                  002453 RLA    
tossubax                  002497 RLA    subeq0sp                  0024A9 RLA    
subeqysp                  0024AB RLA    subysp                    0024BE RLA    
tosudivax                 0024CD RLA    udiv16                    0024DC RLA    
_vcprintf                 00255E RLA    _vfprintf                 0025C5 RLA    
_videomode                0025EE RLA    _write                    002602 RLA    
zerobss                   002654 RLA    __hextab                  0031E8 RLA    
__longminstr              0031F8 RLA    __ctype                   00320C RLA    
__ctypeidx                003217 RLA    __DESTRUCTOR_TABLE__      0032F1 RLA    
__filetab                 003374 RLA    _stdout                   00338E RLA    
fdtab                     0033BE RLA    unittab                   0033C6 RLA    
fncmd                     0033CE RLA    __filetype                0033F2 RLA    
jmpvec                    0033F3 RLA    curunit                   00340C RLA    
initlib                   00340D RLA    __BSS_RUN__               00340D RLA    
__ONCE_RUN__              00340D RLA    initcurunit               003434  LAI   
initstdout                003442  LAI   __CONSTRUCTOR_TABLE__     003453 RLA    
cursor                    00381D RLA    ___oserror                003820 RLA    
___errno                  003864 RLA    fnunit                    003866 RLA    
fnlen                     003867 RLA    fnisfile                  003868 RLA    
__MAIN_SIZE__             0096F3 REA    __HIMEM__                 009F00 REA    
KBDBUF_PEEK               00FEBD RLA    ENTROPY_GET               00FECF RLA    
SCREEN_MODE               00FF5F RLA    READST                    00FFB7 RLA    
SETLFS                    00FFBA RLA    SETNAM                    00FFBD RLA    
OPEN                      00FFC0 RLA    CLOSE                     00FFC3 RLA    
CHKIN                     00FFC6 RLA    CKOUT                     00FFC9 RLA    
CLRCH                     00FFCC RLA    BASIN                     00FFCF RLA    
_cbm_k_bsout              00FFD2 RLA    BSOUT                     00FFD2 RLA    
CHROUT                    00FFD2 RLA    GETIN                     00FFE4 RLA    
PLOT                      00FFF0 RLA    


Imports list:
-------------
BASIN (kernal.o):
    diskcmd.o                 cbm/cbm.inc:47
BSOUT (kernal.o):
    write.o                   cbm/cbm.inc:49
    diskcmd.o                 cbm/cbm.inc:49
    c_bsout.o                 cbm/cbm.inc:49
CHKIN (kernal.o):
    diskcmd.o                 cbm/cbm.inc:44
CHROUT (kernal.o):
    crt0.o                    cx16/crt0.s:10
    clrscr.o                  cx16/clrscr.s:10
    c_bsout.o                 cbm/cbm.inc:50
CKOUT (kernal.o):
    write.o                   cbm/cbm.inc:45
    diskcmd.o                 cbm/cbm.inc:45
CLOSE (kernal.o):
    open.o                    cbm/cbm.inc:36
    diskcmd.o                 cbm/cbm.inc:36
    close.o                   cbm/cbm.inc:36
CLRCH (kernal.o):
    write.o                   cbm/cbm.inc:46
    diskcmd.o                 cbm/cbm.inc:46
ENTROPY_GET (kernal.o):
    randomize.o               cx16/randomize.s:10
GETIN (kernal.o):
    cgetc.o                   cx16/cgetc.s:10
KBDBUF_PEEK (kernal.o):
    kbhit.o                   cx16/kbhit.s:10
OPEN (kernal.o):
    write.o                   cbm/cbm.inc:35
    open.o                    cbm/cbm.inc:35
    diskcmd.o                 cbm/cbm.inc:35
PLOT (kernal.o):
    cputc.o                   cx16/cputc.s:11
READST (kernal.o):
    write.o                   cbm/cbm.inc:32
SCREEN_MODE (kernal.o):
    videomode.o               cx16/videomode.s:24
SETLFS (kernal.o):
    write.o                   cbm/cbm.inc:33
    open.o                    cbm/cbm.inc:33
    diskcmd.o                 cbm/cbm.inc:33
SETNAM (kernal.o):
    filename.o                cbm/cbm.inc:34
    diskcmd.o                 cbm/cbm.inc:34
__BSS_RUN__ ([linker generated]):
    zerobss.o                 common/zerobss.s:8
__BSS_SIZE__ ([linker generated]):
    zerobss.o                 common/zerobss.s:8
__CONSTRUCTOR_COUNT__ ([linker generated]):
    condes.o                  runtime/condes.s:18
__CONSTRUCTOR_TABLE__ ([linker generated]):
    condes.o                  runtime/condes.s:18
__DESTRUCTOR_COUNT__ ([linker generated]):
    condes.o                  runtime/condes.s:19
__DESTRUCTOR_TABLE__ ([linker generated]):
    condes.o                  runtime/condes.s:19
__EXEHDR__ (exehdr.o):
    [linker generated]        /Volumes/Zort/git/cc65/cfg/cx16.cfg:6
__HEADER_LAST__ ([linker generated]):
    [linker generated]        /Volumes/Zort/git/cc65/cfg/cx16.cfg:14
    [linker generated]        /Volumes/Zort/git/cc65/cfg/cx16.cfg:14
__HIMEM__ ([linker generated]):
    [linker generated]        /Volumes/Zort/git/cc65/cfg/cx16.cfg:15
    [linker generated]        /Volumes/Zort/git/cc65/cfg/cx16.cfg:14
__LOADADDR__ (loadaddr.o):
    [linker generated]        /Volumes/Zort/git/cc65/cfg/cx16.cfg:5
__MAIN_SIZE__ ([linker generated]):
    crt0.o                    cx16/crt0.s:11
__MAIN_START__ ([linker generated]):
    crt0.o                    cx16/crt0.s:11
__ONCE_RUN__ ([linker generated]):
    [linker generated]        /Volumes/Zort/git/cc65/cfg/cx16.cfg:15
    [linker generated]        /Volumes/Zort/git/cc65/cfg/cx16.cfg:15
__STACKSIZE__ ([linker generated]):
    [linker generated]        /Volumes/Zort/git/cc65/cfg/cx16.cfg:15
__STARTUP__ (crt0.o):
    main.o                    main.s:13
___directerrno (_directerrno.o):
    write.o                   /Volumes/Zort/git/cc65/asminc/errno.inc:10
    open.o                    /Volumes/Zort/git/cc65/asminc/errno.inc:10
    close.o                   /Volumes/Zort/git/cc65/asminc/errno.inc:10
    fclose.o                  common/fclose.s:10
___errno (errno.o):
    _seterrno.o               /Volumes/Zort/git/cc65/asminc/errno.inc:7
___mappederrno (_mappederrno.o):
    write.o                   /Volumes/Zort/git/cc65/asminc/errno.inc:10
    open.o                    /Volumes/Zort/git/cc65/asminc/errno.inc:10
    close.o                   /Volumes/Zort/git/cc65/asminc/errno.inc:10
___oserror (_oserror.o):
    _mappederrno.o            /Volumes/Zort/git/cc65/asminc/errno.inc:7
    write.o                   /Volumes/Zort/git/cc65/asminc/errno.inc:7
    open.o                    /Volumes/Zort/git/cc65/asminc/errno.inc:7
    _directerrno.o            /Volumes/Zort/git/cc65/asminc/errno.inc:7
___osmaperrno (oserror.o):
    _mappederrno.o            /Volumes/Zort/git/cc65/asminc/errno.inc:8
___randomize (randomize.o):
    main.o                    main.s:15
___seterrno (_seterrno.o):
    _mappederrno.o            /Volumes/Zort/git/cc65/asminc/errno.inc:9
    fwrite.o                  /Volumes/Zort/git/cc65/asminc/errno.inc:9
    _fopen.o                  /Volumes/Zort/git/cc65/asminc/errno.inc:9
    _directerrno.o            /Volumes/Zort/git/cc65/asminc/errno.inc:9
    fopen.o                   /Volumes/Zort/git/cc65/asminc/errno.inc:9
__ctype (ctype.o):
    ctypemask.o               common/ctypemask.s:23
__ctypeidx (ctype.o):
    ctypemask.o               common/ctypemask.s:24
__fdesc (_fdesc.o):
    fopen.o                   common/fopen.s:10
__filetab (_file.o):
    _fdesc.o                  /Volumes/Zort/git/cc65/asminc/_file.inc:25
__filetype (filetype.o):
    filename.o                cbm/filename.s:11
__fopen (_fopen.o):
    fopen.o                   common/fopen.s:10
__hextab (_hextab.o):
    ltoa.o                    common/ltoa.s:10
__longminstr (_longminstr.o):
    ltoa.o                    common/ltoa.s:10
__printf (_printf.o):
    vfprintf.o                common/vfprintf.s:10
    vcprintf.o                conio/vcprintf.s:9
__sys (_sys.o):
    main.o                    main.s:14
_bgcolor (color.o):
    splash.o                  splash.s:21
    characters.o              characters.s:23
_cbm_k_bsout (c_bsout.o):
    splash.o                  splash.s:13
_cgetc (cgetc.o):
    characters.o              characters.s:21
    main.o                    main.s:17
_characters_loadRegistry (characters.o):
    main.o                    main.s:20
_characters_showRegistry (characters.o):
    main.o                    main.s:19
_close (close.o):
    open.o                    cbm/open.s:14
    fclose.o                  common/fclose.s:10
_clrscr (clrscr.o):
    splash.o                  splash.s:14
    characters.o              characters.s:19
    main.o                    main.s:16
_cprintf (cprintf.o):
    splash.o                  splash.s:19
    graphics.o                graphics.s:14
_cputc (cputc.o):
    vcprintf.o                conio/vcprintf.s:9
    cputs.o                   conio/cputs.s:9
_cputs (cputs.o):
    splash.o                  splash.s:17
_cputsxy (cputs.o):
    splash.o                  splash.s:18
_fclose (fclose.o):
    characters.o              characters.s:13
_fopen (fopen.o):
    characters.o              characters.s:14
_fprintf (fprintf.o):
    characters.o              characters.s:15
_fwrite (fwrite.o):
    vfprintf.o                common/vfprintf.s:10
_gotoxy (gotoxy.o):
    splash.o                  splash.s:16
    characters.o              characters.s:20
_gotoy (gotoy.o):
    splash.o                  splash.s:15
_kbhit (kbhit.o):
    cgetc.o                   cx16/cgetc.s:10
_login (splash.o):
    main.o                    main.s:21
_ltoa (ltoa.o):
    _printf.o                 common/_printf.s:12
_main (main.o):
    callmain.o                runtime/callmain.s:11
_name_generate (name.o):
    characters.o              characters.s:24
_open (open.o):
    _fopen.o                  common/_fopen.s:10
_printf (printf.o):
    characters.o              characters.s:16
    main.o                    main.s:18
_rand (rand.o):
    name.o                    name.s:13
    characters.o              characters.s:17
_srand (rand.o):
    randomize.o               cx16/randomize.s:10
_stdout (_file.o):
    printf.o                  common/printf.s:8
_strcpy (strcpy.o):
    name.o                    name.s:14
_strlen (strlen.o):
    _printf.o                 common/_printf.s:13
    splash.o                  splash.s:22
    name.o                    name.s:15
_strlower (strlower.o):
    _printf.o                 common/_printf.s:13
_strncpy (strncpy.o):
    name.o                    name.s:16
_textcolor (color.o):
    splash.o                  splash.s:20
    characters.o              characters.s:22
_ultoa (ltoa.o):
    _printf.o                 common/_printf.s:12
_vcprintf (vcprintf.o):
    cprintf.o                 conio/cprintf.s:8
_vfprintf (vfprintf.o):
    printf.o                  common/printf.s:8
    fprintf.o                 common/fprintf.s:8
_videomode (videomode.o):
    characters.o              characters.s:18
_write (write.o):
    fwrite.o                  common/fwrite.s:10
addeq0sp (addeqsp.o):
    splash.o                  splash.s:397
    characters.o              characters.s:1608
    characters.o              characters.s:1608
    characters.o              characters.s:1608
addeqysp (addeqsp.o):
    name.o                    name.s:260
    characters.o              characters.s:1608
    characters.o              characters.s:1608
    characters.o              characters.s:1608
    characters.o              characters.s:1608
addysp (addysp.o):
    open.o                    cbm/open.s:10
    fwrite.o                  common/fwrite.s:11
    printf.o                  common/printf.s:8
    incsp6.o                  runtime/incsp6.s:8
    incsp4.o                  runtime/incsp4.s:8
    incsp3.o                  runtime/incsp3.s:8
    fprintf.o                 common/fprintf.s:8
    cprintf.o                 conio/cprintf.s:8
    name.o                    name.s:260
    characters.o              characters.s:1608
addysp1 (addysp.o):
    sub.o                     runtime/sub.s:8
    lor.o                     runtime/lor.s:9
aslax1 (aslax1.o):
    characters.o              characters.s:1608
    characters.o              characters.s:1608
    characters.o              characters.s:1608
    characters.o              characters.s:1608
asleax3 (asleax3.o):
    characters.o              characters.s:1608
asleax4 (asleax4.o):
    characters.o              characters.s:1608
axlong (axlong.o):
    _printf.o                 common/_printf.s:11
    characters.o              characters.s:1608
axulong (axlong.o):
    _printf.o                 common/_printf.s:11
callmain (callmain.o):
    crt0.o                    cx16/crt0.s:9
closecmdchannel (diskcmd.o):
    scratch.o                 cbm/scratch.s:8
    open.o                    cbm/open.s:12
    close.o                   cbm/close.s:9
ctypemaskdirect (ctypemask.o):
    strlower.o                common/strlower.s:14
cursor (_cursor.o):
    cgetc.o                   cx16/cgetc.s:10
curunit (filevars.o):
    filename.o                cbm/filename.s:11
decaxy (decaxy.o):
    characters.o              characters.s:1608
decsp2 (decsp2.o):
    splash.o                  splash.s:397
    characters.o              characters.s:1608
    characters.o              characters.s:1608
    characters.o              characters.s:1608
    characters.o              characters.s:1608
    characters.o              characters.s:1608
decsp3 (decsp3.o):
    characters.o              characters.s:1608
decsp4 (decsp4.o):
    lpush.o                   runtime/lpush.s:12
    fprintf.o                 common/fprintf.s:8
decsp6 (decsp6.o):
    _printf.o                 common/_printf.s:11
    main.o                    main.s:107
donelib (condes.o):
    crt0.o                    cx16/crt0.s:8
fdtab (filedes.o):
    write.o                   cbm/filedes.inc:7
    open.o                    cbm/filedes.inc:7
    close.o                   cbm/filedes.inc:7
fnaddmode (filename.o):
    open.o                    cbm/open.s:11
fncmd (filename.o):
    scratch.o                 cbm/scratch.s:9
    diskcmd.o                 cbm/diskcmd.s:14
fncomplete (filename.o):
    open.o                    cbm/open.s:11
fnisfile (filename.o):
    open.o                    cbm/open.s:13
fnlen (filename.o):
    diskcmd.o                 cbm/diskcmd.s:14
fnparse (filename.o):
    open.o                    cbm/open.s:11
fnset (filename.o):
    open.o                    cbm/open.s:11
fnunit (filename.o):
    scratch.o                 cbm/scratch.s:9
    open.o                    cbm/open.s:13
    diskcmd.o                 cbm/diskcmd.s:14
freefd (filedes.o):
    open.o                    cbm/filedes.inc:9
gotoxy (gotoxy.o):
    cputc.o                   cx16/cputc.s:11
    cputs.o                   conio/cputs.s:9
incax2 (incax2.o):
    name.o                    name.s:260
incax3 (incax3.o):
    name.o                    name.s:260
incax6 (incax6.o):
    characters.o              characters.s:1608
incax8 (incax8.o):
    characters.o              characters.s:1608
    characters.o              characters.s:1608
    characters.o              characters.s:1608
    characters.o              characters.s:1608
incaxy (incaxy.o):
    incax8.o                  runtime/incax8.s:8
    incax6.o                  runtime/incax6.s:8
    incax3.o                  runtime/incax3.s:8
    characters.o              characters.s:1608
    characters.o              characters.s:1608
    characters.o              characters.s:1608
    characters.o              characters.s:1608
incsp2 (incsp2.o):
    staspidx.o                runtime/staspidx.s:8
    popptr1.o                 runtime/popptr1.s:8
    characters.o              characters.s:1608
    characters.o              characters.s:1608
    characters.o              characters.s:1608
    characters.o              characters.s:1608
incsp3 (incsp3.o):
    characters.o              characters.s:1608
    characters.o              characters.s:1608
    characters.o              characters.s:1608
    characters.o              characters.s:1608
incsp4 (incsp4.o):
    _fopen.o                  common/_fopen.s:11
    splash.o                  splash.s:397
    characters.o              characters.s:1608
incsp6 (incsp6.o):
    fwrite.o                  common/fwrite.s:11
    vfprintf.o                common/vfprintf.s:9
    splash.o                  splash.s:397
    characters.o              characters.s:1608
    characters.o              characters.s:1608
    main.o                    main.s:107
initlib (condes.o):
    crt0.o                    cx16/crt0.s:8
jmpvec (jmpvec.o):
    _sys.o                    common/_sys.s:8
ldax0sp (ldaxsp.o):
    splash.o                  splash.s:397
    characters.o              characters.s:1608
    characters.o              characters.s:1608
    characters.o              characters.s:1608
    characters.o              characters.s:1608
    characters.o              characters.s:1608
    characters.o              characters.s:1608
ldaxi (ldaxi.o):
    characters.o              characters.s:1608
    characters.o              characters.s:1608
    characters.o              characters.s:1608
ldaxysp (ldaxsp.o):
    fwrite.o                  common/fwrite.s:11
    splash.o                  splash.s:397
    name.o                    name.s:260
    characters.o              characters.s:1608
    characters.o              characters.s:1608
    characters.o              characters.s:1608
    characters.o              characters.s:1608
    characters.o              characters.s:1608
ldeaxi (ldeaxi.o):
    characters.o              characters.s:1608
ldeaxidx (ldeaxi.o):
    characters.o              characters.s:1608
    characters.o              characters.s:1608
ldeaxysp (ldeaxysp.o):
    characters.o              characters.s:1608
leaa0sp (leaaxsp.o):
    name.o                    name.s:260
mul8x16 (mul8.o):
    mul.o                     runtime/mul.s:8
mul8x16a (mul8.o):
    mul.o                     runtime/mul.s:8
mulax3 (mulax3.o):
    name.o                    name.s:260
negax (negabs.o):
    shelp.o                   runtime/shelp.s:11
    mod.o                     runtime/mod.s:11
negeax (lneg.o):
    ltoa.o                    common/ltoa.s:9
opencmdchannel (diskcmd.o):
    scratch.o                 cbm/scratch.s:8
    open.o                    cbm/open.s:12
plot (cputc.o):
    gotoy.o                   cx16/gotoy.s:9
    gotoxy.o                  cx16/gotoxy.s:9
popa (popa.o):
    gotoxy.o                  cx16/gotoxy.s:9
popax (incsp2.o):
    rwcommon.o                cbm/rwcommon.s:9
    open.o                    cbm/open.s:10
    ltoa.o                    common/ltoa.s:9
    _printf.o                 common/_printf.s:11
    vcprintf.o                conio/vcprintf.s:8
    strncpy.o                 common/strncpy.s:8
    strcpy.o                  common/strcpy.s:8
    shelp.o                   runtime/shelp.s:11
popptr1 (popptr1.o):
    rwcommon.o                cbm/rwcommon.s:9
    mul.o                     runtime/mul.s:9
    ltoa.o                    common/ltoa.s:9
    vcprintf.o                conio/vcprintf.s:8
    udiv.o                    runtime/udiv.s:9
    strncpy.o                 common/strncpy.s:8
    steaxspi.o                runtime/steaxspi.s:9
    mul8.o                    runtime/mul8.s:9
popsargsudiv16 (shelp.o):
    mod.o                     runtime/mod.s:11
ptr1 (zeropage.o):
    write.o                   cbm/write.s:11
    strlower.o                common/strlower.s:13
    mul.o                     runtime/mul.s:10
    ltoa.o                    common/ltoa.s:11
    fwrite.o                  common/fwrite.s:14
    filename.o                cbm/filename.s:12
    diskcmd.o                 cbm/diskcmd.s:15
    _printf.o                 /Volumes/Zort/git/cc65/asminc/zeropage.inc:12
    _fopen.o                  common/_fopen.s:12
    zerobss.o                 common/zerobss.s:9
    vfprintf.o                common/vfprintf.s:11
    vcprintf.o                conio/vcprintf.s:10
    udiv.o                    runtime/udiv.s:10
    strncpy.o                 common/strncpy.s:9
    strcpy.o                  common/strcpy.s:9
    steaxspi.o                runtime/steaxspi.s:10
    staspidx.o                runtime/staspidx.s:9
    shelp.o                   runtime/shelp.s:12
    pushw.o                   runtime/pushw.s:9
    printf.o                  common/printf.s:9
    popptr1.o                 runtime/popptr1.s:9
    mulax3.o                  runtime/mulax3.s:9
    mul8.o                    runtime/mul8.s:10
    ldeaxi.o                  runtime/ldeaxi.s:8
    ldaxi.o                   runtime/ldaxi.s:8
    fprintf.o                 common/fprintf.s:9
    fclose.o                  common/fclose.s:11
    cputs.o                   conio/cputs.s:10
    cprintf.o                 conio/cprintf.s:9
    _sys.o                    common/_sys.s:9
    splash.o                  splash.s:11
    name.o                    name.s:11
    characters.o              characters.s:11
ptr2 (zeropage.o):
    rwcommon.o                cbm/rwcommon.s:10
    write.o                   cbm/write.s:11
    strlower.o                common/strlower.s:13
    ltoa.o                    common/ltoa.s:11
    _printf.o                 /Volumes/Zort/git/cc65/asminc/zeropage.inc:12
    vcprintf.o                conio/vcprintf.s:10
    strncpy.o                 common/strncpy.s:9
    strcpy.o                  common/strcpy.s:9
ptr3 (zeropage.o):
    rwcommon.o                cbm/rwcommon.s:10
    write.o                   cbm/write.s:11
    ltoa.o                    common/ltoa.s:11
    vcprintf.o                conio/vcprintf.s:10
ptr4 (zeropage.o):
    mul.o                     runtime/mul.s:10
    udiv.o                    runtime/udiv.s:10
    strlen.o                  common/strlen.s:12
    shelp.o                   runtime/shelp.s:12
    mul8.o                    runtime/mul8.s:10
push0 (pushax.o):
    name.o                    name.s:260
    characters.o              characters.s:1608
    characters.o              characters.s:1608
    characters.o              characters.s:1608
    characters.o              characters.s:1608
    characters.o              characters.s:1608
push1 (push1.o):
    _printf.o                 common/_printf.s:11
    vfprintf.o                common/vfprintf.s:9
pusha (pusha.o):
    splash.o                  splash.s:397
    splash.o                  splash.s:397
    characters.o              characters.s:1608
    characters.o              characters.s:1608
    characters.o              characters.s:1608
    characters.o              characters.s:1608
pusha0 (pushax.o):
    push1.o                   runtime/push1.s:8
    fwrite.o                  common/fwrite.s:11
    splash.o                  splash.s:397
    characters.o              characters.s:1608
    characters.o              characters.s:1608
    characters.o              characters.s:1608
pushax (pushax.o):
    fwrite.o                  common/fwrite.s:11
    callmain.o                runtime/callmain.s:11
    _printf.o                 common/_printf.s:11
    vcprintf.o                conio/vcprintf.s:8
    pushw.o                   runtime/pushw.s:8
    printf.o                  common/printf.s:8
    fopen.o                   common/fopen.s:11
    cprintf.o                 conio/cprintf.s:8
    splash.o                  splash.s:397
    name.o                    name.s:260
    characters.o              characters.s:1608
    characters.o              characters.s:1608
    characters.o              characters.s:1608
    characters.o              characters.s:1608
    characters.o              characters.s:1608
    graphics.o                graphics.s:38
    main.o                    main.s:107
pusheax (lpush.o):
    _printf.o                 common/_printf.s:11
    characters.o              characters.s:1608
    characters.o              characters.s:1608
pushw (pushw.o):
    characters.o              characters.s:1608
    characters.o              characters.s:1608
pushwysp (pushwsp.o):
    fwrite.o                  common/fwrite.s:11
    vfprintf.o                common/vfprintf.s:9
    splash.o                  splash.s:397
    name.o                    name.s:260
    characters.o              characters.s:1608
    characters.o              characters.s:1608
    characters.o              characters.s:1608
    characters.o              characters.s:1608
    characters.o              characters.s:1608
readdiskerror (diskcmd.o):
    open.o                    cbm/open.s:12
    close.o                   cbm/close.s:9
regbank (zeropage.o):
    _printf.o                 /Volumes/Zort/git/cc65/asminc/zeropage.inc:14
return0 (return0.o):
    _fopen.o                  common/_fopen.s:11
    _fdesc.o                  common/_fdesc.s:9
rwcommon (rwcommon.o):
    write.o                   cbm/write.s:10
scratch (scratch.o):
    open.o                    cbm/open.s:11
shrax1 (shrax1.o):
    splash.o                  splash.s:397
sp (zeropage.o):
    decsp4.o                  runtime/decsp4.s:8
    _printf.o                 /Volumes/Zort/git/cc65/asminc/zeropage.inc:11
    _fopen.o                  common/_fopen.s:12
    vfprintf.o                common/vfprintf.s:11
    vcprintf.o                conio/vcprintf.s:10
    subysp.o                  runtime/subysp.s:9
    subeqsp.o                 runtime/subeqsp.s:8
    sub.o                     runtime/sub.s:9
    staxsp.o                  runtime/staxsp.s:8
    staspidx.o                runtime/staspidx.s:9
    pushwsp.o                 runtime/pushwsp.s:8
    pushax.o                  runtime/pushax.s:8
    pusha.o                   runtime/pusha.s:8
    printf.o                  common/printf.s:9
    popptr1.o                 runtime/popptr1.s:9
    popa.o                    runtime/popa.s:8
    lpush.o                   runtime/lpush.s:13
    lor.o                     runtime/lor.s:10
    leaaxsp.o                 runtime/leaaxsp.s:8
    ldeaxysp.o                runtime/ldeaxysp.s:12
    ldaxsp.o                  runtime/ldaxsp.s:8
    incsp2.o                  runtime/incsp2.s:8
    icmp.o                    runtime/icmp.s:9
    fprintf.o                 common/fprintf.s:9
    decsp6.o                  runtime/decsp6.s:8
    decsp3.o                  runtime/decsp3.s:8
    decsp2.o                  runtime/decsp2.s:8
    crt0.o                    /Volumes/Zort/git/cc65/asminc/zeropage.inc:11
    cprintf.o                 conio/cprintf.s:9
    addysp.o                  runtime/addysp.s:8
    addeqsp.o                 runtime/addeqsp.s:8
    add.o                     runtime/add.s:12
    splash.o                  splash.s:10
    name.o                    name.s:10
    characters.o              characters.s:10
    main.o                    main.s:10
sreg (zeropage.o):
    lneg.o                    runtime/lneg.s:11
    ltoa.o                    common/ltoa.s:11
    _printf.o                 /Volumes/Zort/git/cc65/asminc/zeropage.inc:11
    udiv.o                    runtime/udiv.s:10
    steaxspi.o                runtime/steaxspi.s:10
    mod.o                     runtime/mod.s:12
    ltest.o                   runtime/ltest.s:8
    lpush.o                   runtime/lpush.s:13
    lor.o                     runtime/lor.s:10
    ldeaxysp.o                runtime/ldeaxysp.s:12
    ldeaxi.o                  runtime/ldeaxi.s:8
    icmp.o                    runtime/icmp.s:9
    axlong.o                  runtime/axlong.s:9
    asleax4.o                 runtime/asleax4.s:8
    asleax3.o                 runtime/asleax3.s:8
    name.o                    name.s:10
    characters.o              characters.s:10
staspidx (staspidx.o):
    characters.o              characters.s:1608
    characters.o              characters.s:1608
stax0sp (staxsp.o):
    splash.o                  splash.s:397
    characters.o              characters.s:1608
    characters.o              characters.s:1608
    characters.o              characters.s:1608
    characters.o              characters.s:1608
    characters.o              characters.s:1608
staxysp (staxsp.o):
    name.o                    name.s:260
    characters.o              characters.s:1608
    characters.o              characters.s:1608
    characters.o              characters.s:1608
    characters.o              characters.s:1608
    characters.o              characters.s:1608
    main.o                    main.s:107
steaxspidx (steaxspi.o):
    characters.o              characters.s:1608
subeq0sp (subeqsp.o):
    name.o                    name.s:260
subeqysp (subeqsp.o):
    characters.o              characters.s:1608
subysp (subysp.o):
    name.o                    name.s:260
tmp1 (zeropage.o):
    mul.o                     runtime/mul.s:10
    ltoa.o                    common/ltoa.s:11
    filename.o                cbm/filename.s:12
    diskcmd.o                 cbm/diskcmd.s:15
    _printf.o                 /Volumes/Zort/git/cc65/asminc/zeropage.inc:13
    vcprintf.o                conio/vcprintf.s:10
    strncpy.o                 common/strncpy.s:9
    steaxspi.o                runtime/steaxspi.s:10
    staspidx.o                runtime/staspidx.s:9
    shrax1.o                  runtime/shrax1.s:8
    shelp.o                   runtime/shelp.s:12
    mod.o                     runtime/mod.s:12
    ltest.o                   runtime/ltest.s:8
    lor.o                     runtime/lor.s:10
    incaxy.o                  runtime/incaxy.s:8
    decaxy.o                  runtime/decaxy.s:8
    color.o                   cx16/color.s:11
    asleax4.o                 runtime/asleax4.s:8
    asleax3.o                 runtime/asleax3.s:8
    aslax1.o                  runtime/aslax1.s:8
    characters.o              characters.s:11
tmp2 (zeropage.o):
    rwcommon.o                cbm/rwcommon.s:10
    open.o                    cbm/open.s:15
    close.o                   cbm/close.s:10
    strncpy.o                 common/strncpy.s:9
    steaxspi.o                runtime/steaxspi.s:10
    shelp.o                   runtime/shelp.s:12
tmp3 (zeropage.o):
    open.o                    cbm/open.s:15
    strncpy.o                 common/strncpy.s:9
    steaxspi.o                runtime/steaxspi.s:10
tosaddax (add.o):
    name.o                    name.s:260
    characters.o              characters.s:1608
    characters.o              characters.s:1608
tosicmp0 (icmp.o):
    characters.o              characters.s:1608
tosmoda0 (mod.o):
    name.o                    name.s:260
    characters.o              characters.s:1608
    characters.o              characters.s:1608
tosmula0 (mul8.o):
    characters.o              characters.s:1608
    characters.o              characters.s:1608
    characters.o              characters.s:1608
    characters.o              characters.s:1608
tosoreax (lor.o):
    characters.o              characters.s:1608
tossubax (sub.o):
    splash.o                  splash.s:397
tosudivax (udiv.o):
    fwrite.o                  common/fwrite.s:12
tosumula0 (mul8.o):
    characters.o              characters.s:1608
tosumulax (mul.o):
    fwrite.o                  common/fwrite.s:12
tsteax (ltest.o):
    characters.o              characters.s:1608
udiv16 (udiv.o):
    shelp.o                   runtime/shelp.s:11
unittab (filedes.o):
    open.o                    cbm/filedes.inc:8
    close.o                   cbm/filedes.inc:8
writefndiskcmd (diskcmd.o):
    scratch.o                 cbm/scratch.s:8
zerobss (zerobss.o):
    crt0.o                    cx16/crt0.s:9

