Modules list:
-------------
main.o:
    CODE              Offs=000000  Size=000026  Align=00001  Fill=0000
graphics.o:
    CODE              Offs=000026  Size=00000C  Align=00001  Fill=0000
    RODATA            Offs=000000  Size=00000D  Align=00001  Fill=0000
/Volumes/Zort/git/cc65/lib/cx16.lib(_hextab.o):
    RODATA            Offs=00000D  Size=000010  Align=00001  Fill=0000
/Volumes/Zort/git/cc65/lib/cx16.lib(_longminstr.o):
    RODATA            Offs=00001D  Size=00000C  Align=00001  Fill=0000
/Volumes/Zort/git/cc65/lib/cx16.lib(_printf.o):
    CODE              Offs=000032  Size=0003A1  Align=00001  Fill=0000
    BSS               Offs=000000  Size=00002B  Align=00001  Fill=0000
    DATA              Offs=000000  Size=000003  Align=00001  Fill=0000
/Volumes/Zort/git/cc65/lib/cx16.lib(_sys.o):
    CODE              Offs=0003D3  Size=000044  Align=00001  Fill=0000
/Volumes/Zort/git/cc65/lib/cx16.lib(addysp.o):
    CODE              Offs=000417  Size=00000E  Align=00001  Fill=0000
/Volumes/Zort/git/cc65/lib/cx16.lib(axlong.o):
    CODE              Offs=000425  Size=00000D  Align=00001  Fill=0000
/Volumes/Zort/git/cc65/lib/cx16.lib(callmain.o):
    CODE              Offs=000432  Size=000017  Align=00001  Fill=0000
    DATA              Offs=000003  Size=000004  Align=00001  Fill=0000
/Volumes/Zort/git/cc65/lib/cx16.lib(condes.o):
    CODE              Offs=000449  Size=00000C  Align=00001  Fill=0000
    DATA              Offs=000007  Size=000025  Align=00001  Fill=0000
    ONCE              Offs=000000  Size=00000C  Align=00001  Fill=0000
/Volumes/Zort/git/cc65/lib/cx16.lib(cprintf.o):
    CODE              Offs=000455  Size=00002A  Align=00001  Fill=0000
    BSS               Offs=00002B  Size=000001  Align=00001  Fill=0000
/Volumes/Zort/git/cc65/lib/cx16.lib(cputc.o):
    CODE              Offs=00047F  Size=000062  Align=00001  Fill=0000
    RODATA            Offs=000029  Size=000008  Align=00001  Fill=0000
/Volumes/Zort/git/cc65/lib/cx16.lib(crt0.o):
    STARTUP           Offs=000000  Size=000021  Align=00001  Fill=0000
    ONCE              Offs=00000C  Size=00001B  Align=00001  Fill=0000
    INIT              Offs=000000  Size=000002  Align=00001  Fill=0000
/Volumes/Zort/git/cc65/lib/cx16.lib(ctype.o):
    RODATA            Offs=000031  Size=00008B  Align=00001  Fill=0000
/Volumes/Zort/git/cc65/lib/cx16.lib(ctypemask.o):
    CODE              Offs=0004E1  Size=00001E  Align=00001  Fill=0000
/Volumes/Zort/git/cc65/lib/cx16.lib(decsp4.o):
    CODE              Offs=0004FF  Size=00000D  Align=00001  Fill=0000
/Volumes/Zort/git/cc65/lib/cx16.lib(decsp6.o):
    CODE              Offs=00050C  Size=00000D  Align=00001  Fill=0000
/Volumes/Zort/git/cc65/lib/cx16.lib(exehdr.o):
    EXEHDR            Offs=000000  Size=00000C  Align=00001  Fill=0000
/Volumes/Zort/git/cc65/lib/cx16.lib(gotoxy.o):
    CODE              Offs=000519  Size=00000F  Align=00001  Fill=0000
/Volumes/Zort/git/cc65/lib/cx16.lib(incsp2.o):
    CODE              Offs=000528  Size=000015  Align=00001  Fill=0000
/Volumes/Zort/git/cc65/lib/cx16.lib(incsp6.o):
    CODE              Offs=00053D  Size=000005  Align=00001  Fill=0000
/Volumes/Zort/git/cc65/lib/cx16.lib(jmpvec.o):
    DATA              Offs=00002C  Size=000003  Align=00001  Fill=0000
/Volumes/Zort/git/cc65/lib/cx16.lib(kernal.o):
/Volumes/Zort/git/cc65/lib/cx16.lib(lneg.o):
    CODE              Offs=000542  Size=00001E  Align=00001  Fill=0000
/Volumes/Zort/git/cc65/lib/cx16.lib(loadaddr.o):
    LOADADDR          Offs=000000  Size=000002  Align=00001  Fill=0000
/Volumes/Zort/git/cc65/lib/cx16.lib(lpush.o):
    CODE              Offs=000560  Size=00001E  Align=00001  Fill=0000
/Volumes/Zort/git/cc65/lib/cx16.lib(ltoa.o):
    CODE              Offs=00057E  Size=000093  Align=00001  Fill=0000
/Volumes/Zort/git/cc65/lib/cx16.lib(popa.o):
    CODE              Offs=000611  Size=00000A  Align=00001  Fill=0000
/Volumes/Zort/git/cc65/lib/cx16.lib(popptr1.o):
    CODE              Offs=00061B  Size=00000E  Align=00001  Fill=0000
/Volumes/Zort/git/cc65/lib/cx16.lib(push1.o):
    CODE              Offs=000629  Size=000005  Align=00001  Fill=0000
/Volumes/Zort/git/cc65/lib/cx16.lib(pushax.o):
    CODE              Offs=00062E  Size=00001A  Align=00001  Fill=0000
/Volumes/Zort/git/cc65/lib/cx16.lib(rand.o):
    CODE              Offs=000648  Size=000034  Align=00001  Fill=0000
    DATA              Offs=00002F  Size=000004  Align=00001  Fill=0000
/Volumes/Zort/git/cc65/lib/cx16.lib(randomize.o):
    CODE              Offs=00067C  Size=000006  Align=00001  Fill=0000
/Volumes/Zort/git/cc65/lib/cx16.lib(staxsp.o):
    CODE              Offs=000682  Size=00000B  Align=00001  Fill=0000
/Volumes/Zort/git/cc65/lib/cx16.lib(strlen.o):
    CODE              Offs=00068D  Size=000016  Align=00001  Fill=0000
/Volumes/Zort/git/cc65/lib/cx16.lib(strlower.o):
    CODE              Offs=0006A3  Size=000027  Align=00001  Fill=0000
/Volumes/Zort/git/cc65/lib/cx16.lib(vcprintf.o):
    CODE              Offs=0006CA  Size=000074  Align=00001  Fill=0000
    DATA              Offs=000033  Size=000008  Align=00001  Fill=0000
/Volumes/Zort/git/cc65/lib/cx16.lib(zerobss.o):
    CODE              Offs=00073E  Size=000023  Align=00001  Fill=0000
/Volumes/Zort/git/cc65/lib/cx16.lib(zeropage.o):
    ZEROPAGE          Offs=000000  Size=00001A  Align=00001  Fill=0000


Segment list:
-------------
Name                   Start     End    Size  Align
----------------------------------------------------
ZEROPAGE              000022  00003B  00001A  00001
LOADADDR              0007FF  000800  000002  00001
EXEHDR                000801  00080C  00000C  00001
STARTUP               00080D  00082D  000021  00001
CODE                  00082E  000F8E  000761  00001
RODATA                000F8F  00104A  0000BC  00001
DATA                  00104B  001085  00003B  00001
INIT                  001086  001087  000002  00001
BSS                   001088  0010B3  00002C  00001
ONCE                  001088  0010AE  000027  00001


Exports list by name:
---------------------
CHROUT                    00FFD2 RLA    ENTROPY_GET               00FECF RLA    
PLOT                      00FFF0 RLA    __BSS_RUN__               001088 RLA    
__BSS_SIZE__              00002C REA    __CONSTRUCTOR_COUNT__     000000 REA    
__CONSTRUCTOR_TABLE__     0010AF RLA    __DESTRUCTOR_COUNT__      000000 REA    
__DESTRUCTOR_TABLE__      00104B RLA    __EXEHDR__                000001 REA    
__HEADER_LAST__           00080D RLA    __HIMEM__                 009F00 REA    
__LOADADDR__              000001 REA    __MAIN_SIZE__             0096F3 REA    
__MAIN_START__            00080D RLA    __ONCE_RUN__              001088 RLA    
__STACKSIZE__             000800 REA    __STARTUP__               000001 REA    
___randomize              000EAA RLA    __ctype                   000FC0 RLA    
__ctypeidx                000FCB RLA    __hextab                  000F9C RLA    
__longminstr              000FAC RLA    __printf                  000951 RLA    
__sys                     000C01 RLA    _cprintf                  000C83 RLA    
_cputc                    000CB2 RLA    _graphics_sayhello        000854 RLA    
_ltoa                     000DC4 RLA    _main                     00084E RLA    
_srand                    000E76 RLA    _strlen                   000EBB RLA    
_strlower                 000ED1 RLA    _ultoa                    000E03 RLA    
_vcprintf                 000F3C RLA    addysp                    000C46 RLA    
axlong                    000C53 RLA    axulong                   000C59 RLA    
callmain                  000C60 RLA    ctypemaskdirect           000D13 RLA    
decsp4                    000D2D RLA    decsp6                    000D3A RLA    
donelib                   000C77 RLA    gotoxy                    000D47 RLA    
incsp2                    000D5D RLA    incsp6                    000D6B RLA    
initlib                   001088 RLA    jmpvec                    001077 RLA    
negeax                    000D70 RLA    plot                      000CDE RLA    
popa                      000E3F RLA    popax                     000D56 RLA    
popptr1                   000E49 RLA    ptr1                      00002A RLZ    
ptr2                      00002C RLZ    ptr3                      00002E RLZ    
ptr4                      000030 RLZ    push1                     000E57 RLA    
pusha0                    000E5E RLA    pushax                    000E60 RLA    
pusheax                   000D95 RLA    regbank                   000036 RLZ    
sp                        000022 RLZ    sreg                      000024 RLZ    
staxysp                   000EB2 RLA    tmp1                      000032 RLZ    
zerobss                   000F6C RLA    


Exports list by value:
----------------------
__DESTRUCTOR_COUNT__      000000 REA    __CONSTRUCTOR_COUNT__     000000 REA    
__EXEHDR__                000001 REA    __STARTUP__               000001 REA    
__LOADADDR__              000001 REA    sp                        000022 RLZ    
sreg                      000024 RLZ    ptr1                      00002A RLZ    
__BSS_SIZE__              00002C REA    ptr2                      00002C RLZ    
ptr3                      00002E RLZ    ptr4                      000030 RLZ    
tmp1                      000032 RLZ    regbank                   000036 RLZ    
__STACKSIZE__             000800 REA    __MAIN_START__            00080D RLA    
__HEADER_LAST__           00080D RLA    _main                     00084E RLA    
_graphics_sayhello        000854 RLA    __printf                  000951 RLA    
__sys                     000C01 RLA    addysp                    000C46 RLA    
axlong                    000C53 RLA    axulong                   000C59 RLA    
callmain                  000C60 RLA    donelib                   000C77 RLA    
_cprintf                  000C83 RLA    _cputc                    000CB2 RLA    
plot                      000CDE RLA    ctypemaskdirect           000D13 RLA    
decsp4                    000D2D RLA    decsp6                    000D3A RLA    
gotoxy                    000D47 RLA    popax                     000D56 RLA    
incsp2                    000D5D RLA    incsp6                    000D6B RLA    
negeax                    000D70 RLA    pusheax                   000D95 RLA    
_ltoa                     000DC4 RLA    _ultoa                    000E03 RLA    
popa                      000E3F RLA    popptr1                   000E49 RLA    
push1                     000E57 RLA    pusha0                    000E5E RLA    
pushax                    000E60 RLA    _srand                    000E76 RLA    
___randomize              000EAA RLA    staxysp                   000EB2 RLA    
_strlen                   000EBB RLA    _strlower                 000ED1 RLA    
_vcprintf                 000F3C RLA    zerobss                   000F6C RLA    
__hextab                  000F9C RLA    __longminstr              000FAC RLA    
__ctype                   000FC0 RLA    __ctypeidx                000FCB RLA    
__DESTRUCTOR_TABLE__      00104B RLA    jmpvec                    001077 RLA    
__ONCE_RUN__              001088 RLA    initlib                   001088 RLA    
__BSS_RUN__               001088 RLA    __CONSTRUCTOR_TABLE__     0010AF RLA    
__MAIN_SIZE__             0096F3 REA    __HIMEM__                 009F00 REA    
ENTROPY_GET               00FECF RLA    CHROUT                    00FFD2 RLA    
PLOT                      00FFF0 RLA    


Imports list:
-------------
CHROUT (kernal.o):
    crt0.o                    cx16/crt0.s:10
ENTROPY_GET (kernal.o):
    randomize.o               cx16/randomize.s:10
PLOT (kernal.o):
    cputc.o                   cx16/cputc.s:11
__BSS_RUN__ ([linker generated]):
    zerobss.o                 common/zerobss.s:8
__BSS_SIZE__ ([linker generated]):
    zerobss.o                 common/zerobss.s:8
__CONSTRUCTOR_COUNT__ ([linker generated]):
    condes.o                  runtime/condes.s:18
__CONSTRUCTOR_TABLE__ ([linker generated]):
    condes.o                  runtime/condes.s:18
__DESTRUCTOR_COUNT__ ([linker generated]):
    condes.o                  runtime/condes.s:19
__DESTRUCTOR_TABLE__ ([linker generated]):
    condes.o                  runtime/condes.s:19
__EXEHDR__ (exehdr.o):
    [linker generated]        /Volumes/Zort/git/cc65/cfg/cx16.cfg:6
__HEADER_LAST__ ([linker generated]):
    [linker generated]        /Volumes/Zort/git/cc65/cfg/cx16.cfg:14
    [linker generated]        /Volumes/Zort/git/cc65/cfg/cx16.cfg:14
__HIMEM__ ([linker generated]):
    [linker generated]        /Volumes/Zort/git/cc65/cfg/cx16.cfg:15
    [linker generated]        /Volumes/Zort/git/cc65/cfg/cx16.cfg:14
__LOADADDR__ (loadaddr.o):
    [linker generated]        /Volumes/Zort/git/cc65/cfg/cx16.cfg:5
__MAIN_SIZE__ ([linker generated]):
    crt0.o                    cx16/crt0.s:11
__MAIN_START__ ([linker generated]):
    crt0.o                    cx16/crt0.s:11
__ONCE_RUN__ ([linker generated]):
    [linker generated]        /Volumes/Zort/git/cc65/cfg/cx16.cfg:15
    [linker generated]        /Volumes/Zort/git/cc65/cfg/cx16.cfg:15
__STACKSIZE__ ([linker generated]):
    [linker generated]        /Volumes/Zort/git/cc65/cfg/cx16.cfg:15
__STARTUP__ (crt0.o):
    main.o                    main.s:13
___randomize (randomize.o):
    main.o                    main.s:15
__ctype (ctype.o):
    ctypemask.o               common/ctypemask.s:23
__ctypeidx (ctype.o):
    ctypemask.o               common/ctypemask.s:24
__hextab (_hextab.o):
    ltoa.o                    common/ltoa.s:10
__longminstr (_longminstr.o):
    ltoa.o                    common/ltoa.s:10
__printf (_printf.o):
    vcprintf.o                conio/vcprintf.s:9
__sys (_sys.o):
    main.o                    main.s:14
_cprintf (cprintf.o):
    graphics.o                graphics.s:14
_cputc (cputc.o):
    vcprintf.o                conio/vcprintf.s:9
_graphics_sayhello (graphics.o):
    main.o                    main.s:16
_ltoa (ltoa.o):
    _printf.o                 common/_printf.s:12
_main (main.o):
    callmain.o                runtime/callmain.s:11
_srand (rand.o):
    randomize.o               cx16/randomize.s:10
_strlen (strlen.o):
    _printf.o                 common/_printf.s:13
_strlower (strlower.o):
    _printf.o                 common/_printf.s:13
_ultoa (ltoa.o):
    _printf.o                 common/_printf.s:12
_vcprintf (vcprintf.o):
    cprintf.o                 conio/cprintf.s:8
addysp (addysp.o):
    incsp6.o                  runtime/incsp6.s:8
    cprintf.o                 conio/cprintf.s:8
axlong (axlong.o):
    _printf.o                 common/_printf.s:11
axulong (axlong.o):
    _printf.o                 common/_printf.s:11
callmain (callmain.o):
    crt0.o                    cx16/crt0.s:9
ctypemaskdirect (ctypemask.o):
    strlower.o                common/strlower.s:14
decsp4 (decsp4.o):
    lpush.o                   runtime/lpush.s:12
decsp6 (decsp6.o):
    _printf.o                 common/_printf.s:11
    main.o                    main.s:74
donelib (condes.o):
    crt0.o                    cx16/crt0.s:8
gotoxy (gotoxy.o):
    cputc.o                   cx16/cputc.s:11
incsp2 (incsp2.o):
    popptr1.o                 runtime/popptr1.s:8
incsp6 (incsp6.o):
    main.o                    main.s:74
initlib (condes.o):
    crt0.o                    cx16/crt0.s:8
jmpvec (jmpvec.o):
    _sys.o                    common/_sys.s:8
negeax (lneg.o):
    ltoa.o                    common/ltoa.s:9
plot (cputc.o):
    gotoxy.o                  cx16/gotoxy.s:9
popa (popa.o):
    gotoxy.o                  cx16/gotoxy.s:9
popax (incsp2.o):
    ltoa.o                    common/ltoa.s:9
    _printf.o                 common/_printf.s:11
    vcprintf.o                conio/vcprintf.s:8
popptr1 (popptr1.o):
    ltoa.o                    common/ltoa.s:9
    vcprintf.o                conio/vcprintf.s:8
ptr1 (zeropage.o):
    strlower.o                common/strlower.s:13
    popptr1.o                 runtime/popptr1.s:9
    ltoa.o                    common/ltoa.s:11
    _printf.o                 /Volumes/Zort/git/cc65/asminc/zeropage.inc:12
    zerobss.o                 common/zerobss.s:9
    vcprintf.o                conio/vcprintf.s:10
    cprintf.o                 conio/cprintf.s:9
    _sys.o                    common/_sys.s:9
ptr2 (zeropage.o):
    strlower.o                common/strlower.s:13
    ltoa.o                    common/ltoa.s:11
    _printf.o                 /Volumes/Zort/git/cc65/asminc/zeropage.inc:12
    vcprintf.o                conio/vcprintf.s:10
ptr3 (zeropage.o):
    ltoa.o                    common/ltoa.s:11
    vcprintf.o                conio/vcprintf.s:10
ptr4 (zeropage.o):
    strlen.o                  common/strlen.s:12
push1 (push1.o):
    _printf.o                 common/_printf.s:11
pusha0 (pushax.o):
    push1.o                   runtime/push1.s:8
pushax (pushax.o):
    callmain.o                runtime/callmain.s:11
    _printf.o                 common/_printf.s:11
    vcprintf.o                conio/vcprintf.s:8
    cprintf.o                 conio/cprintf.s:8
    graphics.o                graphics.s:38
pusheax (lpush.o):
    _printf.o                 common/_printf.s:11
regbank (zeropage.o):
    _printf.o                 /Volumes/Zort/git/cc65/asminc/zeropage.inc:14
sp (zeropage.o):
    decsp4.o                  runtime/decsp4.s:8
    popptr1.o                 runtime/popptr1.s:9
    popa.o                    runtime/popa.s:8
    lpush.o                   runtime/lpush.s:13
    incsp2.o                  runtime/incsp2.s:8
    addysp.o                  runtime/addysp.s:8
    _printf.o                 /Volumes/Zort/git/cc65/asminc/zeropage.inc:11
    vcprintf.o                conio/vcprintf.s:10
    staxsp.o                  runtime/staxsp.s:8
    pushax.o                  runtime/pushax.s:8
    decsp6.o                  runtime/decsp6.s:8
    crt0.o                    /Volumes/Zort/git/cc65/asminc/zeropage.inc:11
    cprintf.o                 conio/cprintf.s:9
    main.o                    main.s:10
sreg (zeropage.o):
    lneg.o                    runtime/lneg.s:11
    ltoa.o                    common/ltoa.s:11
    lpush.o                   runtime/lpush.s:13
    axlong.o                  runtime/axlong.s:9
    _printf.o                 /Volumes/Zort/git/cc65/asminc/zeropage.inc:11
staxysp (staxsp.o):
    main.o                    main.s:74
tmp1 (zeropage.o):
    ltoa.o                    common/ltoa.s:11
    _printf.o                 /Volumes/Zort/git/cc65/asminc/zeropage.inc:13
    vcprintf.o                conio/vcprintf.s:10
zerobss (zerobss.o):
    crt0.o                    cx16/crt0.s:9

